1.16: Pulling from library/golang
0e29546d541c: Pulling fs layer
9b829c73b52b: Pulling fs layer
cb5b7ae36172: Pulling fs layer
6494e4811622: Pulling fs layer
6e1d20a8313e: Pulling fs layer
5b59121a0c35: Pulling fs layer
2db41f0db9d9: Pulling fs layer
6e1d20a8313e: Waiting
6494e4811622: Waiting
5b59121a0c35: Waiting
9b829c73b52b: Verifying Checksum
9b829c73b52b: Download complete
cb5b7ae36172: Verifying Checksum
cb5b7ae36172: Download complete
6494e4811622: Download complete
0e29546d541c: Verifying Checksum
0e29546d541c: Download complete
2db41f0db9d9: Download complete
0e29546d541c: Pull complete
9b829c73b52b: Pull complete
cb5b7ae36172: Pull complete
6494e4811622: Pull complete
5b59121a0c35: Verifying Checksum
5b59121a0c35: Download complete
6e1d20a8313e: Retrying in 5 seconds
6e1d20a8313e: Retrying in 4 seconds
6e1d20a8313e: Retrying in 3 seconds
6e1d20a8313e: Retrying in 2 seconds
6e1d20a8313e: Retrying in 1 second
6e1d20a8313e: Retrying in 10 seconds
6e1d20a8313e: Retrying in 9 seconds
6e1d20a8313e: Retrying in 8 seconds
6e1d20a8313e: Retrying in 7 seconds
6e1d20a8313e: Retrying in 6 seconds
6e1d20a8313e: Retrying in 5 seconds
6e1d20a8313e: Retrying in 4 seconds
6e1d20a8313e: Retrying in 3 seconds
6e1d20a8313e: Retrying in 2 seconds
6e1d20a8313e: Retrying in 1 second
6e1d20a8313e: Verifying Checksum
6e1d20a8313e: Download complete
6e1d20a8313e: Pull complete
5b59121a0c35: Pull complete
2db41f0db9d9: Pull complete
Digest: sha256:8f29258b4b992b383d03290acde77c6d007884ccab61f161efdefbd1fcfa59d9
Status: Downloaded newer image for golang:1.16
docker.io/library/golang:1.16
